should render default manifest without errors:
  1: |
    apiVersion: serving.knative.dev/v1
    kind: Service
    metadata:
      annotations:
        run.googleapis.com/ingress: all
        run.googleapis.com/launch-stage: GA
      labels: null
      name: serverless-helm
    spec:
      template:
        metadata:
          annotations:
            autoscaling.knative.dev/maxScale: "100"
            run.googleapis.com/cpu-throttling: "true"
            run.googleapis.com/execution-environment: gen2
        spec:
          containerConcurrency: 80
          containers:
            - image: us-docker.pkg.dev/cloudrun/container/hello
              livenessProbe:
                failureThreshold: null
                httpGet:
                  path: /
                  port: 8080
                initialDelaySeconds: null
                periodSeconds: null
              ports:
                - containerPort: 8080
              readinessProbe:
                failureThreshold: null
                httpGet:
                  path: /
                  port: 8080
                initialDelaySeconds: null
                periodSeconds: null
              resources:
                limits:
                  cpu: "1"
                  memory: 512Mi
              startupProbe:
                failureThreshold: null
                httpGet:
                  path: /
                  port: 8080
                initialDelaySeconds: null
                periodSeconds: null
          timeoutSeconds: 300
